// Jest Snapshot v1, https://goo.gl/fbAQLP

exports[`ClientHluz.vue Component render 1`] = `
<div class="client-box" buildtype="house">
  <v-row-stub tag="div">
    <v-col-stub tag="div">
      Name: client
    </v-col-stub>
    <v-col-stub tag="div">
      Address: address1
    </v-col-stub>
  </v-row-stub>
  <v-row-stub tag="div">
    <v-col-stub tag="div">
      Role: role1
    </v-col-stub>
    <v-col-stub tag="div">
      Building type:
    </v-col-stub>
  </v-row-stub>
</div>
`;
